// Jest Snapshot v1, https://goo.gl/fbAQLP

exports[`Instruction component renders correctly 1`] = `<InstructionComponent />`;
