// Jest Snapshot v1, https://goo.gl/fbAQLP

exports[`Loader renders properly 1`] = `<Loader />`;
